// Jest Snapshot v1, https://goo.gl/fbAQLP

exports[`should render Chatter correctly 1`] = `
<section
  className="section section--spacing section--bg-earth-dark chatter"
>
  <div
    className="content-container content-container--grid-spacing"
  >
    <div
      className="chatter__content"
    >
      <h1
        className="section__title"
      >
        Chatter
      </h1>
      <Loading />
      <a
        className="section__attribution"
        href="https://www.twitter.com/"
        rel="external"
        target="_blank"
      >
        Powered by Twitter
      </a>
    </div>
  </div>
</section>
`;

exports[`should render Chatter with content correctly 1`] = `
<section
  className="section section--spacing section--bg-earth-dark chatter"
>
  <div
    className="content-container content-container--grid-spacing"
  >
    <div
      className="chatter__content"
    >
      <h1
        className="section__title"
      >
        Chatter
      </h1>
      <div
        className="content"
      >
        <ul
          className="chatter__list"
        >
          <ChatterTweet
            key="940632575407730700"
            tweet={
              Object {
                "contributors": null,
                "coordinates": null,
                "created_at": "Tue Dec 12 17:20:56 +0000 2017",
                "entities": Object {
                  "hashtags": Array [],
                  "symbols": Array [],
                  "urls": Array [],
                  "user_mentions": Array [
                    Object {
                      "id": 19905187,
                      "id_str": "19905187",
                      "indices": Array [
                        3,
                        15,
                      ],
                      "name": "🔲You're Safe Now🔳",
                      "screen_name": "RyshonJones",
                    },
                  ],
                },
                "favorite_count": 0,
                "favorited": false,
                "geo": null,
                "id": 940632575407730700,
                "id_str": "940632575407730689",
                "in_reply_to_screen_name": null,
                "in_reply_to_status_id": null,
                "in_reply_to_status_id_str": null,
                "in_reply_to_user_id": null,
                "in_reply_to_user_id_str": null,
                "is_quote_status": false,
                "lang": "en",
                "metadata": Object {
                  "iso_language_code": "en",
                  "result_type": "recent",
                },
                "place": null,
                "retweet_count": 2,
                "retweeted": false,
                "retweeted_status": Object {
                  "contributors": null,
                  "coordinates": null,
                  "created_at": "Tue Dec 12 17:19:59 +0000 2017",
                  "entities": Object {
                    "hashtags": Array [],
                    "symbols": Array [],
                    "urls": Array [],
                    "user_mentions": Array [],
                  },
                  "favorite_count": 0,
                  "favorited": false,
                  "geo": null,
                  "id": 940632337095766000,
                  "id_str": "940632337095766016",
                  "in_reply_to_screen_name": null,
                  "in_reply_to_status_id": null,
                  "in_reply_to_status_id_str": null,
                  "in_reply_to_user_id": null,
                  "in_reply_to_user_id_str": null,
                  "is_quote_status": false,
                  "lang": "en",
                  "metadata": Object {
                    "iso_language_code": "en",
                    "result_type": "recent",
                  },
                  "place": null,
                  "retweet_count": 2,
                  "retweeted": false,
                  "source": "<a href=\\"http://twitter.com\\" rel=\\"nofollow\\">Twitter Web Client</a>",
                  "text": "curiosity left a trail",
                  "truncated": false,
                  "user": Object {
                    "contributors_enabled": false,
                    "created_at": "Mon Feb 02 13:04:24 +0000 2009",
                    "default_profile": false,
                    "default_profile_image": false,
                    "description": "||for all inquires : ryshonjonesmusic@gmail.com || https://t.co/cHi5aGSAVl",
                    "entities": Object {
                      "description": Object {
                        "urls": Array [
                          Object {
                            "display_url": "youresafenow.com",
                            "expanded_url": "http://www.youresafenow.com",
                            "indices": Array [
                              51,
                              74,
                            ],
                            "url": "https://t.co/cHi5aGSAVl",
                          },
                        ],
                      },
                    },
                    "favourites_count": 5069,
                    "follow_request_sent": false,
                    "followers_count": 5369,
                    "following": false,
                    "friends_count": 1427,
                    "geo_enabled": false,
                    "has_extended_profile": true,
                    "id": 19905187,
                    "id_str": "19905187",
                    "is_translation_enabled": false,
                    "is_translator": false,
                    "lang": "en",
                    "listed_count": 72,
                    "location": "Philadelphia,Pa",
                    "name": "🔲You're Safe Now🔳",
                    "notifications": false,
                    "profile_background_color": "000000",
                    "profile_background_image_url": "http://pbs.twimg.com/profile_background_images/378800000029988742/fe8fd5e028b2515e9ca82cd774a834a9.jpeg",
                    "profile_background_image_url_https": "https://pbs.twimg.com/profile_background_images/378800000029988742/fe8fd5e028b2515e9ca82cd774a834a9.jpeg",
                    "profile_background_tile": false,
                    "profile_banner_url": "https://pbs.twimg.com/profile_banners/19905187/1506726382",
                    "profile_image_url": "http://pbs.twimg.com/profile_images/940584371874082817/kpXNcOGw_normal.jpg",
                    "profile_image_url_https": "https://pbs.twimg.com/profile_images/940584371874082817/kpXNcOGw_normal.jpg",
                    "profile_link_color": "038543",
                    "profile_sidebar_border_color": "000000",
                    "profile_sidebar_fill_color": "DDFFCC",
                    "profile_text_color": "333333",
                    "profile_use_background_image": true,
                    "protected": false,
                    "screen_name": "RyshonJones",
                    "statuses_count": 36994,
                    "time_zone": "Central Time (US & Canada)",
                    "translator_type": "none",
                    "url": null,
                    "utc_offset": -21600,
                    "verified": true,
                  },
                },
                "source": "<a href=\\"http://twitter.com/download/android\\" rel=\\"nofollow\\">Twitter for Android</a>",
                "text": "RT @RyshonJones: curiosity left a trail",
                "truncated": false,
                "user": Object {
                  "contributors_enabled": false,
                  "created_at": "Tue Feb 21 20:21:32 +0000 2012",
                  "default_profile": false,
                  "default_profile_image": false,
                  "description": "",
                  "entities": Object {
                    "description": Object {
                      "urls": Array [],
                    },
                  },
                  "favourites_count": 13401,
                  "follow_request_sent": false,
                  "followers_count": 1000,
                  "following": false,
                  "friends_count": 345,
                  "geo_enabled": true,
                  "has_extended_profile": true,
                  "id": 499136753,
                  "id_str": "499136753",
                  "is_translation_enabled": false,
                  "is_translator": false,
                  "lang": "en",
                  "listed_count": 15,
                  "location": "Bienvenue // Toucan ",
                  "name": "Ben A.",
                  "notifications": false,
                  "profile_background_color": "FFFFFF",
                  "profile_background_image_url": "http://pbs.twimg.com/profile_background_images/630633462/l6x0rgmptzgxplp2v2tr.png",
                  "profile_background_image_url_https": "https://pbs.twimg.com/profile_background_images/630633462/l6x0rgmptzgxplp2v2tr.png",
                  "profile_background_tile": true,
                  "profile_banner_url": "https://pbs.twimg.com/profile_banners/499136753/1487873836",
                  "profile_image_url": "http://pbs.twimg.com/profile_images/933132618345758720/WwSIyy0b_normal.jpg",
                  "profile_image_url_https": "https://pbs.twimg.com/profile_images/933132618345758720/WwSIyy0b_normal.jpg",
                  "profile_link_color": "FFCC4D",
                  "profile_sidebar_border_color": "C0DEED",
                  "profile_sidebar_fill_color": "DDEEF6",
                  "profile_text_color": "333333",
                  "profile_use_background_image": true,
                  "protected": false,
                  "screen_name": "itsbenok",
                  "statuses_count": 41135,
                  "time_zone": "Atlantic Time (Canada)",
                  "translator_type": "regular",
                  "url": null,
                  "utc_offset": -14400,
                  "verified": false,
                },
              }
            }
          />
          <ChatterTweet
            key="940632572949823500"
            tweet={
              Object {
                "contributors": null,
                "coordinates": null,
                "created_at": "Tue Dec 12 17:20:56 +0000 2017",
                "entities": Object {
                  "hashtags": Array [],
                  "media": Array [
                    Object {
                      "display_url": "pic.twitter.com/EnHC3jKolj",
                      "expanded_url": "https://twitter.com/ritsucakes/status/940475082870263809/photo/1",
                      "id": 940475077837119500,
                      "id_str": "940475077837119489",
                      "indices": Array [
                        116,
                        139,
                      ],
                      "media_url": "http://pbs.twimg.com/media/DQ09GbaW4AEKsuU.jpg",
                      "media_url_https": "https://pbs.twimg.com/media/DQ09GbaW4AEKsuU.jpg",
                      "sizes": Object {
                        "large": Object {
                          "h": 483,
                          "resize": "fit",
                          "w": 626,
                        },
                        "medium": Object {
                          "h": 483,
                          "resize": "fit",
                          "w": 626,
                        },
                        "small": Object {
                          "h": 483,
                          "resize": "fit",
                          "w": 626,
                        },
                        "thumb": Object {
                          "h": 150,
                          "resize": "crop",
                          "w": 150,
                        },
                      },
                      "source_status_id": 940475082870263800,
                      "source_status_id_str": "940475082870263809",
                      "source_user_id": 738109897020182500,
                      "source_user_id_str": "738109897020182530",
                      "type": "photo",
                      "url": "https://t.co/EnHC3jKolj",
                    },
                  ],
                  "symbols": Array [],
                  "urls": Array [],
                  "user_mentions": Array [
                    Object {
                      "id": 738109897020182500,
                      "id_str": "738109897020182530",
                      "indices": Array [
                        3,
                        14,
                      ],
                      "name": "boku ni wa (boku ni wa)",
                      "screen_name": "ritsucakes",
                    },
                  ],
                },
                "extended_entities": Object {
                  "media": Array [
                    Object {
                      "display_url": "pic.twitter.com/EnHC3jKolj",
                      "expanded_url": "https://twitter.com/ritsucakes/status/940475082870263809/photo/1",
                      "id": 940475077837119500,
                      "id_str": "940475077837119489",
                      "indices": Array [
                        116,
                        139,
                      ],
                      "media_url": "http://pbs.twimg.com/media/DQ09GbaW4AEKsuU.jpg",
                      "media_url_https": "https://pbs.twimg.com/media/DQ09GbaW4AEKsuU.jpg",
                      "sizes": Object {
                        "large": Object {
                          "h": 483,
                          "resize": "fit",
                          "w": 626,
                        },
                        "medium": Object {
                          "h": 483,
                          "resize": "fit",
                          "w": 626,
                        },
                        "small": Object {
                          "h": 483,
                          "resize": "fit",
                          "w": 626,
                        },
                        "thumb": Object {
                          "h": 150,
                          "resize": "crop",
                          "w": 150,
                        },
                      },
                      "source_status_id": 940475082870263800,
                      "source_status_id_str": "940475082870263809",
                      "source_user_id": 738109897020182500,
                      "source_user_id_str": "738109897020182530",
                      "type": "photo",
                      "url": "https://t.co/EnHC3jKolj",
                    },
                  ],
                },
                "favorite_count": 0,
                "favorited": false,
                "geo": null,
                "id": 940632572949823500,
                "id_str": "940632572949823489",
                "in_reply_to_screen_name": null,
                "in_reply_to_status_id": null,
                "in_reply_to_status_id_str": null,
                "in_reply_to_user_id": null,
                "in_reply_to_user_id_str": null,
                "is_quote_status": false,
                "lang": "en",
                "metadata": Object {
                  "iso_language_code": "en",
                  "result_type": "recent",
                },
                "place": null,
                "possibly_sensitive": false,
                "retweet_count": 26,
                "retweeted": false,
                "retweeted_status": Object {
                  "contributors": null,
                  "coordinates": null,
                  "created_at": "Tue Dec 12 06:55:07 +0000 2017",
                  "entities": Object {
                    "hashtags": Array [],
                    "media": Array [
                      Object {
                        "display_url": "pic.twitter.com/EnHC3jKolj",
                        "expanded_url": "https://twitter.com/ritsucakes/status/940475082870263809/photo/1",
                        "id": 940475077837119500,
                        "id_str": "940475077837119489",
                        "indices": Array [
                          100,
                          123,
                        ],
                        "media_url": "http://pbs.twimg.com/media/DQ09GbaW4AEKsuU.jpg",
                        "media_url_https": "https://pbs.twimg.com/media/DQ09GbaW4AEKsuU.jpg",
                        "sizes": Object {
                          "large": Object {
                            "h": 483,
                            "resize": "fit",
                            "w": 626,
                          },
                          "medium": Object {
                            "h": 483,
                            "resize": "fit",
                            "w": 626,
                          },
                          "small": Object {
                            "h": 483,
                            "resize": "fit",
                            "w": 626,
                          },
                          "thumb": Object {
                            "h": 150,
                            "resize": "crop",
                            "w": 150,
                          },
                        },
                        "type": "photo",
                        "url": "https://t.co/EnHC3jKolj",
                      },
                    ],
                    "symbols": Array [],
                    "urls": Array [],
                    "user_mentions": Array [],
                  },
                  "extended_entities": Object {
                    "media": Array [
                      Object {
                        "display_url": "pic.twitter.com/EnHC3jKolj",
                        "expanded_url": "https://twitter.com/ritsucakes/status/940475082870263809/photo/1",
                        "id": 940475077837119500,
                        "id_str": "940475077837119489",
                        "indices": Array [
                          100,
                          123,
                        ],
                        "media_url": "http://pbs.twimg.com/media/DQ09GbaW4AEKsuU.jpg",
                        "media_url_https": "https://pbs.twimg.com/media/DQ09GbaW4AEKsuU.jpg",
                        "sizes": Object {
                          "large": Object {
                            "h": 483,
                            "resize": "fit",
                            "w": 626,
                          },
                          "medium": Object {
                            "h": 483,
                            "resize": "fit",
                            "w": 626,
                          },
                          "small": Object {
                            "h": 483,
                            "resize": "fit",
                            "w": 626,
                          },
                          "thumb": Object {
                            "h": 150,
                            "resize": "crop",
                            "w": 150,
                          },
                        },
                        "type": "photo",
                        "url": "https://t.co/EnHC3jKolj",
                      },
                    ],
                  },
                  "favorite_count": 33,
                  "favorited": false,
                  "geo": null,
                  "id": 940475082870263800,
                  "id_str": "940475082870263809",
                  "in_reply_to_screen_name": null,
                  "in_reply_to_status_id": null,
                  "in_reply_to_status_id_str": null,
                  "in_reply_to_user_id": null,
                  "in_reply_to_user_id_str": null,
                  "is_quote_status": false,
                  "lang": "en",
                  "metadata": Object {
                    "iso_language_code": "en",
                    "result_type": "recent",
                  },
                  "place": null,
                  "possibly_sensitive": false,
                  "retweet_count": 26,
                  "retweeted": false,
                  "source": "<a href=\\"http://twitter.com/download/iphone\\" rel=\\"nofollow\\">Twitter for iPhone</a>",
                  "text": "tsukasa symbolizes happyele and the sticks in his hands symbolize my last two remaining brain cells https://t.co/EnHC3jKolj",
                  "truncated": false,
                  "user": Object {
                    "contributors_enabled": false,
                    "created_at": "Wed Jun 01 20:48:07 +0000 2016",
                    "default_profile": false,
                    "default_profile_image": false,
                    "description": "coconut flavored thot/21/maoP✧knights✧fairy go!! @mizutsui ♡ @ryuunobu🌹",
                    "entities": Object {
                      "description": Object {
                        "urls": Array [],
                      },
                      "url": Object {
                        "urls": Array [
                          Object {
                            "display_url": "maakun.carrd.co",
                            "expanded_url": "http://maakun.carrd.co/",
                            "indices": Array [
                              0,
                              23,
                            ],
                            "url": "https://t.co/GVzOiclUYI",
                          },
                        ],
                      },
                    },
                    "favourites_count": 58782,
                    "follow_request_sent": false,
                    "followers_count": 958,
                    "following": false,
                    "friends_count": 458,
                    "geo_enabled": true,
                    "has_extended_profile": false,
                    "id": 738109897020182500,
                    "id_str": "738109897020182530",
                    "is_translation_enabled": false,
                    "is_translator": false,
                    "lang": "en",
                    "listed_count": 19,
                    "location": "Philadelphia, PA",
                    "name": "boku ni wa (boku ni wa)",
                    "notifications": false,
                    "profile_background_color": "000000",
                    "profile_background_image_url": "http://abs.twimg.com/images/themes/theme1/bg.png",
                    "profile_background_image_url_https": "https://abs.twimg.com/images/themes/theme1/bg.png",
                    "profile_background_tile": false,
                    "profile_banner_url": "https://pbs.twimg.com/profile_banners/738109897020182530/1485858960",
                    "profile_image_url": "http://pbs.twimg.com/profile_images/938297917852585984/r6xRS5fN_normal.jpg",
                    "profile_image_url_https": "https://pbs.twimg.com/profile_images/938297917852585984/r6xRS5fN_normal.jpg",
                    "profile_link_color": "91D2FA",
                    "profile_sidebar_border_color": "000000",
                    "profile_sidebar_fill_color": "000000",
                    "profile_text_color": "000000",
                    "profile_use_background_image": false,
                    "protected": false,
                    "screen_name": "ritsucakes",
                    "statuses_count": 58015,
                    "time_zone": null,
                    "translator_type": "none",
                    "url": "https://t.co/GVzOiclUYI",
                    "utc_offset": null,
                    "verified": false,
                  },
                },
                "source": "<a href=\\"http://twitter.com\\" rel=\\"nofollow\\">Twitter Web Client</a>",
                "text": "RT @ritsucakes: tsukasa symbolizes happyele and the sticks in his hands symbolize my last two remaining brain cells https://t.co/EnHC3jKolj",
                "truncated": false,
                "user": Object {
                  "contributors_enabled": false,
                  "created_at": "Fri Mar 28 13:57:24 +0000 2014",
                  "default_profile": false,
                  "default_profile_image": false,
                  "description": "La verdad, yo tampoco lo sé c:  -space trash-  Shima Renzou has me dead. And Miyamura and Mika -sigh- PLUS ULTRA!!",
                  "entities": Object {
                    "description": Object {
                      "urls": Array [],
                    },
                    "url": Object {
                      "urls": Array [
                        Object {
                          "display_url": "myanimelist.net/profile/flanfl…",
                          "expanded_url": "https://myanimelist.net/profile/flanflucloide",
                          "indices": Array [
                            0,
                            23,
                          ],
                          "url": "https://t.co/499MRez6lw",
                        },
                      ],
                    },
                  },
                  "favourites_count": 6791,
                  "follow_request_sent": false,
                  "followers_count": 155,
                  "following": false,
                  "friends_count": 339,
                  "geo_enabled": false,
                  "has_extended_profile": true,
                  "id": 2442143866,
                  "id_str": "2442143866",
                  "is_translation_enabled": false,
                  "is_translator": false,
                  "lang": "es",
                  "listed_count": 1,
                  "location": "(NOT) lost in space",
                  "name": "🎄Hikaru✨ @ christmas or something #littlebigsun",
                  "notifications": false,
                  "profile_background_color": "000000",
                  "profile_background_image_url": "http://pbs.twimg.com/profile_background_images/704392340253835264/Wo4LVskv.jpg",
                  "profile_background_image_url_https": "https://pbs.twimg.com/profile_background_images/704392340253835264/Wo4LVskv.jpg",
                  "profile_background_tile": false,
                  "profile_banner_url": "https://pbs.twimg.com/profile_banners/2442143866/1512486048",
                  "profile_image_url": "http://pbs.twimg.com/profile_images/936942159294550016/p8okTnf4_normal.jpg",
                  "profile_image_url_https": "https://pbs.twimg.com/profile_images/936942159294550016/p8okTnf4_normal.jpg",
                  "profile_link_color": "9266CC",
                  "profile_sidebar_border_color": "000000",
                  "profile_sidebar_fill_color": "000000",
                  "profile_text_color": "000000",
                  "profile_use_background_image": false,
                  "protected": false,
                  "screen_name": "flanflucloide",
                  "statuses_count": 32432,
                  "time_zone": "Madrid",
                  "translator_type": "none",
                  "url": "https://t.co/499MRez6lw",
                  "utc_offset": 3600,
                  "verified": false,
                },
              }
            }
          />
          <ChatterTweet
            key="940632571544854500"
            tweet={
              Object {
                "contributors": null,
                "coordinates": null,
                "created_at": "Tue Dec 12 17:20:55 +0000 2017",
                "entities": Object {
                  "hashtags": Array [],
                  "symbols": Array [],
                  "urls": Array [],
                  "user_mentions": Array [
                    Object {
                      "id": 737113536300732400,
                      "id_str": "737113536300732416",
                      "indices": Array [
                        3,
                        14,
                      ],
                      "name": "miss thang",
                      "screen_name": "GlRLW0NDER",
                    },
                  ],
                },
                "favorite_count": 0,
                "favorited": false,
                "geo": null,
                "id": 940632571544854500,
                "id_str": "940632571544854528",
                "in_reply_to_screen_name": null,
                "in_reply_to_status_id": null,
                "in_reply_to_status_id_str": null,
                "in_reply_to_user_id": null,
                "in_reply_to_user_id_str": null,
                "is_quote_status": true,
                "lang": "en",
                "metadata": Object {
                  "iso_language_code": "en",
                  "result_type": "recent",
                },
                "place": null,
                "quoted_status_id": 940219662629048300,
                "quoted_status_id_str": "940219662629048322",
                "retweet_count": 8056,
                "retweeted": false,
                "retweeted_status": Object {
                  "contributors": null,
                  "coordinates": null,
                  "created_at": "Mon Dec 11 14:48:18 +0000 2017",
                  "entities": Object {
                    "hashtags": Array [],
                    "symbols": Array [],
                    "urls": Array [
                      Object {
                        "display_url": "twitter.com/ripcrazh/statu…",
                        "expanded_url": "https://twitter.com/ripcrazh/status/940219662629048322",
                        "indices": Array [
                          115,
                          138,
                        ],
                        "url": "https://t.co/TGQMVEjAFd",
                      },
                    ],
                    "user_mentions": Array [],
                  },
                  "favorite_count": 27495,
                  "favorited": false,
                  "geo": null,
                  "id": 940231773195206700,
                  "id_str": "940231773195206657",
                  "in_reply_to_screen_name": null,
                  "in_reply_to_status_id": null,
                  "in_reply_to_status_id_str": null,
                  "in_reply_to_user_id": null,
                  "in_reply_to_user_id_str": null,
                  "is_quote_status": true,
                  "lang": "en",
                  "metadata": Object {
                    "iso_language_code": "en",
                    "result_type": "recent",
                  },
                  "place": null,
                  "possibly_sensitive": false,
                  "quoted_status": Object {
                    "contributors": null,
                    "coordinates": null,
                    "created_at": "Mon Dec 11 14:00:10 +0000 2017",
                    "entities": Object {
                      "hashtags": Array [],
                      "symbols": Array [],
                      "urls": Array [],
                      "user_mentions": Array [],
                    },
                    "favorite_count": 87,
                    "favorited": false,
                    "geo": null,
                    "id": 940219662629048300,
                    "id_str": "940219662629048322",
                    "in_reply_to_screen_name": null,
                    "in_reply_to_status_id": null,
                    "in_reply_to_status_id_str": null,
                    "in_reply_to_user_id": null,
                    "in_reply_to_user_id_str": null,
                    "is_quote_status": false,
                    "lang": "en",
                    "metadata": Object {
                      "iso_language_code": "en",
                      "result_type": "recent",
                    },
                    "place": null,
                    "retweet_count": 39,
                    "retweeted": false,
                    "source": "<a href=\\"https://mobile.twitter.com\\" rel=\\"nofollow\\">Twitter Lite</a>",
                    "text": "is it wrong to ask a girl her weight if she ask your height",
                    "truncated": false,
                    "user": Object {
                      "contributors_enabled": false,
                      "created_at": "Wed Aug 07 02:32:45 +0000 2013",
                      "default_profile": false,
                      "default_profile_image": false,
                      "description": "i jus been ⚡️ dogeatdogartcollective@gmail.com",
                      "entities": Object {
                        "description": Object {
                          "urls": Array [],
                        },
                      },
                      "favourites_count": 43066,
                      "follow_request_sent": false,
                      "followers_count": 1081,
                      "following": false,
                      "friends_count": 683,
                      "geo_enabled": true,
                      "has_extended_profile": true,
                      "id": 1651823798,
                      "id_str": "1651823798",
                      "is_translation_enabled": false,
                      "is_translator": false,
                      "lang": "en",
                      "listed_count": 14,
                      "location": "⚰️dc⚰️md",
                      "name": "⛓crazh⛓",
                      "notifications": false,
                      "profile_background_color": "C0DEED",
                      "profile_background_image_url": "http://pbs.twimg.com/profile_background_images/452697366089314305/DvR4JRV8.jpeg",
                      "profile_background_image_url_https": "https://pbs.twimg.com/profile_background_images/452697366089314305/DvR4JRV8.jpeg",
                      "profile_background_tile": true,
                      "profile_banner_url": "https://pbs.twimg.com/profile_banners/1651823798/1511912005",
                      "profile_image_url": "http://pbs.twimg.com/profile_images/940435973208408065/tqsqY_TW_normal.jpg",
                      "profile_image_url_https": "https://pbs.twimg.com/profile_images/940435973208408065/tqsqY_TW_normal.jpg",
                      "profile_link_color": "ABB8C2",
                      "profile_sidebar_border_color": "000000",
                      "profile_sidebar_fill_color": "DDEEF6",
                      "profile_text_color": "333333",
                      "profile_use_background_image": true,
                      "protected": false,
                      "screen_name": "RIPcrazh",
                      "statuses_count": 67146,
                      "time_zone": "Eastern Time (US & Canada)",
                      "translator_type": "regular",
                      "url": null,
                      "utc_offset": -18000,
                      "verified": false,
                    },
                  },
                  "quoted_status_id": 940219662629048300,
                  "quoted_status_id_str": "940219662629048322",
                  "retweet_count": 8056,
                  "retweeted": false,
                  "source": "<a href=\\"http://twitter.com/download/iphone\\" rel=\\"nofollow\\">Twitter for iPhone</a>",
                  "text": "Asking me my weight to be cute in response won’t change the fact that I can lose 20 pounds and you’ll still be 5’9 https://t.co/TGQMVEjAFd",
                  "truncated": false,
                  "user": Object {
                    "contributors_enabled": false,
                    "created_at": "Mon May 30 02:48:56 +0000 2016",
                    "default_profile": true,
                    "default_profile_image": false,
                    "description": "she's rude, she's pretty. she enjoys getting paid for being both heyitsgirlwonder@gmail.com",
                    "entities": Object {
                      "description": Object {
                        "urls": Array [],
                      },
                      "url": Object {
                        "urls": Array [
                          Object {
                            "display_url": "cash.me/$notdee",
                            "expanded_url": "http://cash.me/$notdee",
                            "indices": Array [
                              0,
                              23,
                            ],
                            "url": "https://t.co/mDh3kdUZIm",
                          },
                        ],
                      },
                    },
                    "favourites_count": 3907,
                    "follow_request_sent": false,
                    "followers_count": 2834,
                    "following": false,
                    "friends_count": 402,
                    "geo_enabled": false,
                    "has_extended_profile": true,
                    "id": 737113536300732400,
                    "id_str": "737113536300732416",
                    "is_translation_enabled": false,
                    "is_translator": false,
                    "lang": "en",
                    "listed_count": 89,
                    "location": "nyc & philly",
                    "name": "miss thang",
                    "notifications": false,
                    "profile_background_color": "F5F8FA",
                    "profile_background_image_url": null,
                    "profile_background_image_url_https": null,
                    "profile_background_tile": false,
                    "profile_banner_url": "https://pbs.twimg.com/profile_banners/737113536300732416/1509781299",
                    "profile_image_url": "http://pbs.twimg.com/profile_images/922173962582462464/5oAPgJVQ_normal.jpg",
                    "profile_image_url_https": "https://pbs.twimg.com/profile_images/922173962582462464/5oAPgJVQ_normal.jpg",
                    "profile_link_color": "1DA1F2",
                    "profile_sidebar_border_color": "C0DEED",
                    "profile_sidebar_fill_color": "DDEEF6",
                    "profile_text_color": "333333",
                    "profile_use_background_image": true,
                    "protected": false,
                    "screen_name": "GlRLW0NDER",
                    "statuses_count": 10994,
                    "time_zone": null,
                    "translator_type": "none",
                    "url": "https://t.co/mDh3kdUZIm",
                    "utc_offset": null,
                    "verified": false,
                  },
                },
                "source": "<a href=\\"http://twitter.com/download/iphone\\" rel=\\"nofollow\\">Twitter for iPhone</a>",
                "text": "RT @GlRLW0NDER: Asking me my weight to be cute in response won’t change the fact that I can lose 20 pounds and you’ll still be 5’9 https://…",
                "truncated": false,
                "user": Object {
                  "contributors_enabled": false,
                  "created_at": "Mon Mar 30 22:09:51 +0000 2009",
                  "default_profile": false,
                  "default_profile_image": false,
                  "description": "🧚🏾‍♀️Bubbles. Special Brand of Brooklyn Brown #IssaCancer ♋️ #32Flavors",
                  "entities": Object {
                    "description": Object {
                      "urls": Array [],
                    },
                    "url": Object {
                      "urls": Array [
                        Object {
                          "display_url": "cash.me/$bubbles78",
                          "expanded_url": "http://cash.me/$bubbles78",
                          "indices": Array [
                            0,
                            23,
                          ],
                          "url": "https://t.co/lolqyZiuON",
                        },
                      ],
                    },
                  },
                  "favourites_count": 6804,
                  "follow_request_sent": false,
                  "followers_count": 367,
                  "following": false,
                  "friends_count": 216,
                  "geo_enabled": true,
                  "has_extended_profile": true,
                  "id": 27742686,
                  "id_str": "27742686",
                  "is_translation_enabled": false,
                  "is_translator": false,
                  "lang": "en",
                  "listed_count": 0,
                  "location": "In My Feelings",
                  "name": "C-3PO",
                  "notifications": false,
                  "profile_background_color": "061203",
                  "profile_background_image_url": "http://pbs.twimg.com/profile_background_images/378800000181008619/c9JXWYhF.png",
                  "profile_background_image_url_https": "https://pbs.twimg.com/profile_background_images/378800000181008619/c9JXWYhF.png",
                  "profile_background_tile": true,
                  "profile_banner_url": "https://pbs.twimg.com/profile_banners/27742686/1512265068",
                  "profile_image_url": "http://pbs.twimg.com/profile_images/934670625217695744/oahM3_Td_normal.jpg",
                  "profile_image_url_https": "https://pbs.twimg.com/profile_images/934670625217695744/oahM3_Td_normal.jpg",
                  "profile_link_color": "6EE6E0",
                  "profile_sidebar_border_color": "FFFFFF",
                  "profile_sidebar_fill_color": "252429",
                  "profile_text_color": "B6BD53",
                  "profile_use_background_image": true,
                  "protected": false,
                  "screen_name": "LaBurbujas",
                  "statuses_count": 53248,
                  "time_zone": "Eastern Time (US & Canada)",
                  "translator_type": "none",
                  "url": "https://t.co/lolqyZiuON",
                  "utc_offset": -18000,
                  "verified": false,
                },
              }
            }
          />
          <ChatterTweet
            key="940632570479423500"
            tweet={
              Object {
                "contributors": null,
                "coordinates": null,
                "created_at": "Tue Dec 12 17:20:55 +0000 2017",
                "entities": Object {
                  "hashtags": Array [],
                  "symbols": Array [],
                  "urls": Array [],
                  "user_mentions": Array [],
                },
                "favorite_count": 0,
                "favorited": false,
                "geo": null,
                "id": 940632570479423500,
                "id_str": "940632570479423490",
                "in_reply_to_screen_name": null,
                "in_reply_to_status_id": null,
                "in_reply_to_status_id_str": null,
                "in_reply_to_user_id": null,
                "in_reply_to_user_id_str": null,
                "is_quote_status": false,
                "lang": "en",
                "metadata": Object {
                  "iso_language_code": "en",
                  "result_type": "recent",
                },
                "place": null,
                "retweet_count": 0,
                "retweeted": false,
                "source": "<a href=\\"http://twitter.com/download/iphone\\" rel=\\"nofollow\\">Twitter for iPhone</a>",
                "text": "Is fucking INSTA DOWN",
                "truncated": false,
                "user": Object {
                  "contributors_enabled": false,
                  "created_at": "Fri Oct 04 14:19:23 +0000 2013",
                  "default_profile": false,
                  "default_profile_image": false,
                  "description": "• ℓιv • ur fav witch • ⊱Aries⊰ •",
                  "entities": Object {
                    "description": Object {
                      "urls": Array [],
                    },
                  },
                  "favourites_count": 6336,
                  "follow_request_sent": false,
                  "followers_count": 335,
                  "following": false,
                  "friends_count": 215,
                  "geo_enabled": false,
                  "has_extended_profile": true,
                  "id": 1934438605,
                  "id_str": "1934438605",
                  "is_translation_enabled": false,
                  "is_translator": false,
                  "lang": "en",
                  "listed_count": 2,
                  "location": "NE philly",
                  "name": "☽ whore of Babylon  ☾",
                  "notifications": false,
                  "profile_background_color": "000000",
                  "profile_background_image_url": "http://pbs.twimg.com/profile_background_images/554736262423142402/sutnlbvG.jpeg",
                  "profile_background_image_url_https": "https://pbs.twimg.com/profile_background_images/554736262423142402/sutnlbvG.jpeg",
                  "profile_background_tile": false,
                  "profile_banner_url": "https://pbs.twimg.com/profile_banners/1934438605/1474228234",
                  "profile_image_url": "http://pbs.twimg.com/profile_images/924732693698498560/n_Z8yPK-_normal.jpg",
                  "profile_image_url_https": "https://pbs.twimg.com/profile_images/924732693698498560/n_Z8yPK-_normal.jpg",
                  "profile_link_color": "000000",
                  "profile_sidebar_border_color": "FFFFFF",
                  "profile_sidebar_fill_color": "252429",
                  "profile_text_color": "666666",
                  "profile_use_background_image": true,
                  "protected": false,
                  "screen_name": "livvolovnik",
                  "statuses_count": 13260,
                  "time_zone": "Eastern Time (US & Canada)",
                  "translator_type": "none",
                  "url": null,
                  "utc_offset": -18000,
                  "verified": false,
                },
              }
            }
          />
        </ul>
      </div>
      <a
        className="section__attribution"
        href="https://www.twitter.com/"
        rel="external"
        target="_blank"
      >
        Powered by Twitter
      </a>
    </div>
  </div>
</section>
`;
