// Jest Snapshot v1, https://goo.gl/fbAQLP

exports[`should render Videos with content correctly 1`] = `
<section
  className="section section--spacing section--bg-earth-darker videos"
>
  <div
    className="content-container content-container--grid-spacing"
  >
    <div
      className="videos__content"
    >
      <h1
        className="section__title"
      >
        Videos
      </h1>
      <div
        className="content"
      >
        <ul
          className="videos__list"
        >
          <VideosVideo
            key="2BsRw8wFjyI"
            video={
              Object {
                "etag": "\\"7991kDR-QPaa9r0pePmDjBEa2h8/jF8beQSw6HKOnICIbqGhzAcYQgc\\"",
                "id": Object {
                  "kind": "youtube#video",
                  "videoId": "2BsRw8wFjyI",
                },
                "kind": "youtube#searchResult",
                "snippet": Object {
                  "channelId": "UCBi2mrWuNuyYy4gbM6fU18Q",
                  "channelTitle": "ABC News",
                  "description": "Diane Sawyer spent months inside one of the country's most dangerous schools.",
                  "liveBroadcastContent": "none",
                  "publishedAt": "2013-12-05T10:16:36.000Z",
                  "thumbnails": Object {
                    "default": Object {
                      "height": 90,
                      "url": "https://i.ytimg.com/vi/2BsRw8wFjyI/default.jpg",
                      "width": 120,
                    },
                    "high": Object {
                      "height": 360,
                      "url": "https://i.ytimg.com/vi/2BsRw8wFjyI/hqdefault.jpg",
                      "width": 480,
                    },
                    "medium": Object {
                      "height": 180,
                      "url": "https://i.ytimg.com/vi/2BsRw8wFjyI/mqdefault.jpg",
                      "width": 320,
                    },
                  },
                  "title": "At Strawberry Mansion High, There's Fear, Hope",
                },
              }
            }
          />
          <VideosVideo
            key="kAmDOTsp5cs"
            video={
              Object {
                "etag": "\\"7991kDR-QPaa9r0pePmDjBEa2h8/sRarOmG5B--B9TcQ8QX5D7ESEUc\\"",
                "id": Object {
                  "kind": "youtube#video",
                  "videoId": "kAmDOTsp5cs",
                },
                "kind": "youtube#searchResult",
                "snippet": Object {
                  "channelId": "UClKgO_YP3pcIVeav2g_k6hw",
                  "channelTitle": "fightTIPS",
                  "description": "Get Shane's Jump Rope for less than $4 (FREE SHIPPING): http://full.sc/Y21zkh Jumping rope is a great warm-up exercise for any boxer, athlete, or just someone wanting to try a new workout!...",
                  "liveBroadcastContent": "none",
                  "publishedAt": "2014-06-08T21:30:01.000Z",
                  "thumbnails": Object {
                    "default": Object {
                      "height": 90,
                      "url": "https://i.ytimg.com/vi/kAmDOTsp5cs/default.jpg",
                      "width": 120,
                    },
                    "high": Object {
                      "height": 360,
                      "url": "https://i.ytimg.com/vi/kAmDOTsp5cs/hqdefault.jpg",
                      "width": 480,
                    },
                    "medium": Object {
                      "height": 180,
                      "url": "https://i.ytimg.com/vi/kAmDOTsp5cs/mqdefault.jpg",
                      "width": 320,
                    },
                  },
                  "title": "How to Jump Rope Like a Boxer",
                },
              }
            }
          />
          <VideosVideo
            key="ooMjhFToGQw"
            video={
              Object {
                "etag": "\\"7991kDR-QPaa9r0pePmDjBEa2h8/gazkb9kyX-JUuukjJVFfFJI46B4\\"",
                "id": Object {
                  "kind": "youtube#video",
                  "videoId": "ooMjhFToGQw",
                },
                "kind": "youtube#searchResult",
                "snippet": Object {
                  "channelId": "UClKgO_YP3pcIVeav2g_k6hw",
                  "channelTitle": "fightTIPS",
                  "description": "Subscribe to fightTIPS▻http://bit.ly/1APnzvw Online MMA Training Courses▻http://bit.ly/1FIOiju This tutorial video explains how to get faster head movement using various boxing drills,...",
                  "liveBroadcastContent": "none",
                  "publishedAt": "2016-10-05T00:43:52.000Z",
                  "thumbnails": Object {
                    "default": Object {
                      "height": 90,
                      "url": "https://i.ytimg.com/vi/ooMjhFToGQw/default.jpg",
                      "width": 120,
                    },
                    "high": Object {
                      "height": 360,
                      "url": "https://i.ytimg.com/vi/ooMjhFToGQw/hqdefault.jpg",
                      "width": 480,
                    },
                    "medium": Object {
                      "height": 180,
                      "url": "https://i.ytimg.com/vi/ooMjhFToGQw/mqdefault.jpg",
                      "width": 320,
                    },
                  },
                  "title": "Faster Head Movement: Boxing Drills for Dodging Punches",
                },
              }
            }
          />
          <VideosVideo
            key="26DSA5DRz0s"
            video={
              Object {
                "etag": "\\"7991kDR-QPaa9r0pePmDjBEa2h8/dJiKC1ukNumaD5aRD5JS11b5GKQ\\"",
                "id": Object {
                  "kind": "youtube#video",
                  "videoId": "26DSA5DRz0s",
                },
                "kind": "youtube#searchResult",
                "snippet": Object {
                  "channelId": "UClKgO_YP3pcIVeav2g_k6hw",
                  "channelTitle": "fightTIPS",
                  "description": "There's a good reason why the jab is the first punch you will learn in boxing: because it should be your BEST punch! It exerts the least amount of energy, acts as a probe, dictates the range,...",
                  "liveBroadcastContent": "none",
                  "publishedAt": "2017-01-01T19:41:46.000Z",
                  "thumbnails": Object {
                    "default": Object {
                      "height": 90,
                      "url": "https://i.ytimg.com/vi/26DSA5DRz0s/default.jpg",
                      "width": 120,
                    },
                    "high": Object {
                      "height": 360,
                      "url": "https://i.ytimg.com/vi/26DSA5DRz0s/hqdefault.jpg",
                      "width": 480,
                    },
                    "medium": Object {
                      "height": 180,
                      "url": "https://i.ytimg.com/vi/26DSA5DRz0s/mqdefault.jpg",
                      "width": 320,
                    },
                  },
                  "title": "5 Common Jab Mistakes: This Should be Your Best Punch!",
                },
              }
            }
          />
        </ul>
      </div>
      <a
        className="section__attribution"
        href="https://www.youtube.com/"
        rel="external"
        target="_blank"
      >
        Powered by YouTube
      </a>
    </div>
  </div>
</section>
`;

exports[`should show Videos loading correctly 1`] = `
<section
  className="section section--spacing section--bg-earth-darker videos"
>
  <div
    className="content-container content-container--grid-spacing"
  >
    <div
      className="videos__content"
    >
      <h1
        className="section__title"
      >
        Videos
      </h1>
      <Loading />
      <a
        className="section__attribution"
        href="https://www.youtube.com/"
        rel="external"
        target="_blank"
      >
        Powered by YouTube
      </a>
    </div>
  </div>
</section>
`;
