// Jest Snapshot v1, https://goo.gl/fbAQLP

exports[`should render Weather correctly 1`] = `
<section
  className="section section--spacing section--bg-earth-light weather"
>
  <div
    className="content-container"
  >
    <div
      className="weather__content"
    >
      <h1
        className="section__title"
      >
        Weather
      </h1>
      <Loading />
      <a
        className="section__attribution"
        href="https://www.wunderground.com/"
        rel="external"
        target="_blank"
      >
        Powered by Weather Underground
      </a>
    </div>
  </div>
</section>
`;

exports[`should render Weather with content correctly 1`] = `
<section
  className="section section--spacing section--bg-earth-light weather"
>
  <div
    className="content-container"
  >
    <div
      className="weather__content"
    >
      <h1
        className="section__title"
      >
        Weather
      </h1>
      <Loading />
      <a
        className="section__attribution"
        href="https://www.wunderground.com/"
        rel="external"
        target="_blank"
      >
        Powered by Weather Underground
      </a>
    </div>
  </div>
</section>
`;
